---
source: src/ui.rs
expression: normalized
---
  List    Board    Dashboard                                   Tab: switch view
┌ Work Items (0) ───────┐┌ Session ────────────────────────────────────────────┐
│           ┌ Settings (press ? or Esc to close) ──────────────────┐           │
│  No work i│                                                      │           │
│           │   Repos  |  Review Gate  |  Keybindings              │           │
│  Ctrl+N: q│ Config source:                                       │           │
│  Ctrl+B: b│   in-memory (test)                                   │           │
│           │ Base directories:                                    │           │
│           │   + <TMPDIR> │           │
│           │                                                      │           │
│           │ ┌ Managed repos (2) ─────┐┌ Available (1) ─────────┐ │           │
│           │ │>  - /root/Forks/special││ + <TMPDIR>│ │           │
│           │ │   + <TMPDIR>││ │ │           │
│           │ └────────────────────────┘└────────────────────────┘ │           │
│           │                                                      │           │
│           │ Defaults:                                            │           │
│           │   worktree_dir: .worktrees                           │           │
│           │   branch_issue_pattern: ^(\d+)-                      │           │
│           │ Tab: switch tab   Left/Right: switch column   Enter: │           │
│           │                                                      │           │
│           └──────────────────────────────────────────────────────┘           │
│                       ││                                                     │
│                       ││                                                     │
└───────────────────────┘└─────────────────────────────────────────────────────┘
