---
source: src/ui.rs
assertion_line: 3544
expression: "render(&app, 80, 24)"
---
  List    Board                                                Tab: switch view
┌ Work Items (0) ───────┐┌ Claude Code ────────────────────────────────────────┐
│                       ││                                                     │
│  No work items.       ││  Welcome to workbridge                              │
│                       ││                                                     │
│  Press Ctrl+N         ││  Ctrl+N    - Create work item                       │
│  to create one.       ││  Up/Down   - Navigate items                         │
│                   ╭ Close Unlinked PR ───────────────────╮t                  │
│                   │                                      │                   │
│                   │ Close PR #42 and delete branch?      │                   │
│                   │                                      │                   │
│                   │ [Enter]  Close with reason           │                   │
│                   │ [d]  Close directly                  │                   │
│                   │ [Esc]  Cancel                        │                   │
│                   │                                      │                   │
│                   │                                      │                   │
│                   ╰──────────────────────────────────────╯                   │
│                       ││                                                     │
│                       ││                                                     │
│                       ││                                                     │
│                       ││                                                     │
│                       ││                                                     │
│                       ││                                                     │
└───────────────────────┘└─────────────────────────────────────────────────────┘
