---
source: src/ui.rs
expression: output
---
┌ Work Items ───────────┐┌ Claude Code ────────────────────────────────────────┐
│                       ││                                                     │
│  No work i┌ Settings (press ? or Esc to close) ──────────────────┐           │
│           │                                                      │           │
│  Press Ctr│ Config source:                                       │           │
│  to create│   in-memory (test)                                   │           │
│           │ Base directories:                                    │           │
│           │   + /var/folders/zn/cd1tlf854yjfplfm1hx7f8q40000gn/T │           │
│           │                                                      │           │
│           │ ┌ Managed repos (1) ─────┐┌ Available (2) ─────────┐ │           │
│           │ │>  - /Users/janiskirstei││ + /var/folders/zn/cd1tl│ │           │
│           │ │                        ││ + /var/folders/zn/cd1tl│ │           │
│           │ └────────────────────────┘└────────────────────────┘ │           │
│           │                                                      │           │
│           │ Defaults:                                            │           │
│           │   worktree_dir: .worktrees                           │           │
│           │   branch_issue_pattern: ^(\d+)-                      │           │
│           │ Tab: switch list, Enter: move, Up/Down: navigate     │           │
│           │                                                      │           │
│           │                                                      │           │
│           └──────────────────────────────────────────────────────┘           │
│                       ││                                                     │
│                       ││                                                     │
└───────────────────────┘└─────────────────────────────────────────────────────┘
