---
source: src/ui.rs
expression: "render(&app, 80, 24)"
---
  List    Board                                                Tab: switch view
┌ Work Items (0)┌ Create Work Item ────────────────────────────┐───────────────┐
│               │                                              │               │
│  No work items│ Title:                                       │               │
│               │  My feature                                  │               │
│  Ctrl+N: quick│                                              │               │
│  Ctrl+B: backl│ Description (optional):                      │               │
│               │  (empty)                                     │               │
│               │                                              │               │
│               │                                              │               │
│               │                                              │               │
│               │ Repos:                                       │               │
│               │    [ ] /repo/alpha                           │               │
│               │ >  [x] /repo/beta                            │               │
│               │    [ ] /repo/gamma                           │               │
│               │                                              │               │
│               │ Branch (optional):                           │               │
│               │  (empty)                                     │               │
│               │                                              │               │
│               │                                              │               │
│               │ Enter: Create | Esc: Cancel | Tab: Next fiel │               │
│               │                                              │               │
│               └──────────────────────────────────────────────┘               │
└───────────────────────┘└─────────────────────────────────────────────────────┘
