---
source: src/ui.rs
expression: "render(&app, 120, 40)"
---
  List    Board    Dashboard             Tab: switch view | <-/->: columns | Shift+arrow: move item | Enter: drill down
┌ Backlog (0) ───────────────┐┌ Planning (0) ──────────────┐┌ Implementing (2) ──────────┐┌ Review (0) ────────────────┐
│                            ││                            ││> Normal work               ││                            │
│  No items                  ││  No items                  ││  [BK] Blocked task         ││  No items                  │
│                            ││                            ││                            ││                            │
│                            ││                            ││                            ││                            │
│                            ││                            ││                            ││                            │
│                            ││                            ││                            ││                            │
│                            ││                            ││                            ││                            │
│                            ││                            ││                            ││                            │
│                            ││                            ││                            ││                            │
│                            ││                            ││                            ││                            │
│                            ││                            ││                            ││                            │
│                            ││                            ││                            ││                            │
│                            ││                            ││                            ││                            │
│                            ││                            ││                            ││                            │
│                            ││                            ││                            ││                            │
│                            ││                            ││                            ││                            │
│                            ││                            ││                            ││                            │
│                            ││                            ││                            ││                            │
│                            ││                            ││                            ││                            │
│                            ││                            ││                            ││                            │
│                            ││                            ││                            ││                            │
│                            ││                            ││                            ││                            │
│                            ││                            ││                            ││                            │
│                            ││                            ││                            ││                            │
│                            ││                            ││                            ││                            │
│                            ││                            ││                            ││                            │
│                            ││                            ││                            ││                            │
│                            ││                            ││                            ││                            │
│                            ││                            ││                            ││                            │
│                            ││                            ││                            ││                            │
│                            ││                            ││                            ││                            │
│                            ││                            ││                            ││                            │
│                            ││                            ││                            ││                            │
│                            ││                            ││                            ││                            │
│                            ││                            ││                            ││                            │
│                            ││                            ││                            ││                            │
└────────────────────────────┘└────────────────────────────┘└────────────────────────────┘└────────────────────────────┘
Blocked task | [Blocked] | /repo/bk1/0
