---
source: src/ui.rs
expression: "render(&app, 80, 24)"
---
┌ Work Items ───────────┐┌ Claude Code ────────────────────────────────────────┐
│  TODO (1)             ││                                                     │
│>   Fix auth.. PR#14 ok││  Fix authentication bug                             │
│    branch-todo-1 (0)  ││                                                     │
│      [no wt]          ││  Status      Todo                                   │
│  IN PROGRESS (1)      ││  Backend     Local file                             │
│    Refact.. PR#88 fail││  Repo        /repo/todo-1/0                         │
│    branch-prog-1 (0)  ││  Branch      branch-todo-1                          │
│      [no wt]          ││  Worktree    (none)                                 │
│  DONE (1)             ││  PR          #14 - PR #14                           │
│    Update d.. PR#50 ok││  Issue       (none)                                 │
│    branch-done-1 (0)  ││  Errors      (none)                                 │
│      [no wt]          ││                                                     │
│                       ││  Press Enter to start a session.                    │
│                       ││                                                     │
│                       ││                                                     │
│                       ││                                                     │
│                       ││                                                     │
│                       ││                                                     │
│                       ││                                                     │
│                       ││                                                     │
│                       ││                                                     │
└───────────────────────┘└─────────────────────────────────────────────────────┘
Fix authentication bug | /repo/todo-1/0
