---
source: src/ui.rs
expression: "render(&app, 80, 24)"
---
  List    Board                                                Tab: switch view
┌ Work Items (0) ───────┐┌ Claude Code ────────────────────────────────────────┐
│                       ││                                                     │
│  No work items.       ││  Welcome to workbridge                              │
│                       ││                                                     │
│  Ctrl+N: quick start  ││  Ctrl+N    - Quick start session                    │
│  Ctrl+B: backlog ticke││  Ctrl+B    - New backlog ticket                     │
│                   ╭ Rework Reason ───────────────────────╮                   │
│                   │                                      │t                  │
│                   │ Why is rework needed?                │                   │
│                   │                                      │                   │
│                   │  needs more error handling           │                   │
│                   │                                      │                   │
│                   │ Enter: Submit   Esc: Cancel          │                   │
│                   │                                      │                   │
│                   ╰──────────────────────────────────────╯                   │
│                       ││                                                     │
│                       ││                                                     │
│                       ││                                                     │
│                       ││                                                     │
│                       ││                                                     │
│                       ││                                                     │
│                       ││                                                     │
└───────────────────────┘└─────────────────────────────────────────────────────┘
