---
source: src/ui.rs
expression: "render(&app, 80, 24)"
---
┌ Work Items ──────┐┌ Claude Code ─────────────────────────────────────────────┐
│TODO (0)          ││                                                          │
│  No work items   ││  Welcome to workbridge                                   │
│IN PROGRESS (0)   ││                                                          │
│  No work items┌ Create Work Item ────────────────────────────┐               │
│               │                                              │               │
│               │ Title:                                       │               │
│               │                                              │               │
│               │                                              │               │
│               │ Repos:                                       │               │
│               │  [x] /repo/only                              │               │
│               │                                              │               │
│               │ Branch (optional):                           │               │
│               │  (empty)                                     │               │
│               │                                              │               │
│               │ Title cannot be empty                        │               │
│               │ Enter: Create | Esc: Cancel | Tab: Next fiel │               │
│               │                                              │               │
│               └──────────────────────────────────────────────┘               │
│                  ││                                                          │
│                  ││                                                          │
│                  ││                                                          │
│                  ││                                                          │
└──────────────────┘└──────────────────────────────────────────────────────────┘
