---
source: src/ui.rs
expression: "render(&app, 80, 24)"
---
┌ Work Items ──────┐┌ Claude Code ─────────────────────────────────────────────┐
│  UNLINKED (2)    ││                                                          │
│> ? fix-typo   PR#││  Press Enter to import                                   │
│  ? up.. PR#12 dra││  this PR as a work item.                                 │
│  TODO (0)        ││                                                          │
│    No work items ││                                                          │
│  IN PROGRESS (1) ││                                                          │
│    Activ.. PR#30 ││                                                          │
│                  ││                                                          │
│                  ││                                                          │
│                  ││                                                          │
│                  ││                                                          │
│                  ││                                                          │
│                  ││                                                          │
│                  ││                                                          │
│                  ││                                                          │
│                  ││                                                          │
│                  ││                                                          │
│                  ││                                                          │
│                  ││                                                          │
│                  ││                                                          │
│                  ││                                                          │
│                  ││                                                          │
└──────────────────┘└──────────────────────────────────────────────────────────┘
