---
source: src/ui.rs
expression: "render(&app, 80, 24)"
---
  List    Board    Dashboard                                   Tab: switch view
┌ Work Items (1) ───────┐┌ Claude Code ────────────────────────────────────────┐
│  UNLINKED (2)         ││                                                     │
│> ? fix-typo      PR#45││  Unlinked PR #45                                    │
│  ? updat.. PR#12 draft││                                                     │
│  ACTIVE (0) (1)       ││  PR          #45 https://github.com/o/r/pull/45     │
│  [IM] Active  PR#30 ok││  Repo        /repo/unlinked                         │
│  feature              ││  Branch      fix-typo                               │
│  branch-prog-1 [no wt]││  State       Open                                   │
│                       ││  Draft       No                                     │
│                       ││  Review      (none)                                 │
│                       ││  Checks      (none)                                 │
│                       ││                                                     │
│                       ││  Press Enter to import this PR as a work item.  Ctrl│
│                       ││                                                     │
│                       ││                                                     │
│                       ││                                                     │
│                       ││                                                     │
│                       ││                                                     │
│                       ││                                                     │
│                       ││                                                     │
│                       ││                                                     │
│                       ││                                                     │
└───────────────────────┘└─────────────────────────────────────────────────────┘
