---
source: src/ui.rs
assertion_line: 3558
expression: "render(&app, 80, 24)"
---
  List    Board                                                Tab: switch view
┌ Work Items (0) ───────┐┌ Claude Code ────────────────────────────────────────┐
│                       ││                                                     │
│  No work items.       ││  Welcome to workbridge                              │
│                       ││                                                     │
│  Press Ctrl+N         ││  Ctrl+N    - Create work item                       │
│  to create one.       ││  Up/Down   - Navigate items                         │
│                 ╭ Close Reason ───────────────────────────╮                  │
│                 │                                         │                  │
│                 │ Reason to comment on the PR (optional): │                  │
│                 │                                         │                  │
│                 │  closing - abandoned                    │                  │
│                 │                                         │                  │
│                 │ Enter: Submit   Esc: Cancel             │                  │
│                 │                                         │                  │
│                 ╰─────────────────────────────────────────╯                  │
│                       ││                                                     │
│                       ││                                                     │
│                       ││                                                     │
│                       ││                                                     │
│                       ││                                                     │
│                       ││                                                     │
│                       ││                                                     │
└───────────────────────┘└─────────────────────────────────────────────────────┘
