---
source: src/ui.rs
expression: "render(&app, 80, 24)"
---
┌ Work Items ───────────┐┌ Claude Code ────────────────────────────────────────┐
│>   [BL] Fix resize bug││                                                     │
│    [BL] branch-ctx-1 (││  Fix resize bug                                     │
│      0) [no wt]       ││                                                     │
│                       ││  Status      Backlog                                │
│                       ││  Backend     Local file                             │
│                       ││  Repo        /repo/ctx-1/0                          │
│                       ││  Branch      branch-ctx-1                           │
│                       ││  Worktree    (none)                                 │
│                       ││  PR          (none)                                 │
│                       ││  Issue       #42 - Fix resize bug                   │
│                       ││  Errors      (none)                                 │
│                       ││                                                     │
│                       ││  Press Enter to start a session.                    │
│                       ││                                                     │
│                       ││                                                     │
│                       ││                                                     │
│                       ││                                                     │
│                       ││                                                     │
│                       ││                                                     │
│                       ││                                                     │
│                       ││                                                     │
└───────────────────────┘└─────────────────────────────────────────────────────┘
Fix resize bug | /repo/ctx-1/0 | bug, P1
