---
source: src/ui.rs
expression: "render(&mut app, 80, 24)"
---
  List    Board    Dashboard                                   Tab: switch view
┌ Work Items (15) ──────┐┌ Session ────────────────────────────────────────────┐
│  BACKLOGGED (0) (5)   ││                                                     │
│  [BL] Work item       ││  Work item number 10                                │
│  number 1             ││                                                     │
│  branch-item-1 [no wt]││  Status      Backlog                                │
│  [BL] Work item       ││  Backend     Local file                             │
│  number 4             ││  Repo        /repo/item-10/0                        │
│  branch-item-4 [no wt]││  Branch      branch-item-10                         │
│  [BL] Work item       ││  Worktree    (none)                                 │
│  number 7             ││  PR          (none)                                 │
│  branch-item-7 [no wt]││  Issue       (none)                                 │
│> [BL] Work item       ││  Errors      (none)                                 │
│  number 10            ││                                                     │
│  branch-item-10 [no   █│  Press c (Claude) or x (Codex) to                   │
│      wt]              █│  begin planning.                                    │
│  [BL] Work item       █│                                                     │
│  number 13            █│                                                     │
│  branch-item-13 [no   █│                                                     │
│      wt]              █│                                                     │
│                       █│                                                     │
│                       █│                                                     │
└───────────────────────┘└─────────────────────────────────────────────────────┘
Work item number 10 | [Backlog] | 0
