---
source: src/ui.rs
expression: "render(&app, 80, 24)"
---
┌ Work Items (1) ───────┐┌ Claude Code ────────────────────────────────────────┐
│  BACKLOGGED (0) (1)   ││                                                     │
│> [BL] Fix resize bug  ││  Fix resize bug                                     │
│  branch-ctx-3 [no wt] ││                                                     │
│                       ││  Status      Backlog                                │
│                       ││  Backend     Local file                             │
│                       ││  Repo        /repo/ctx-3/0                          │
│                       ││  Branch      branch-ctx-3                           │
│                       ││  Worktree    (none)                                 │
│                       ││  PR          (none)                                 │
│                       ││  Issue       #42 - Fix resize bug                   │
│                       ││  Errors      (none)                                 │
│                       ││                                                     │
│                       ││  Press Shift+Right to move to Planning.             │
│                       ││                                                     │
│                       ││                                                     │
│                       ││                                                     │
│                       ││                                                     │
│                       ││                                                     │
│                       ││                                                     │
│                       ││                                                     │
└───────────────────────┘└─────────────────────────────────────────────────────┘
Fix resize bug | [Backlog] | /repo/ctx-3/0 | bug
Right panel focused - press Ctrl+] to return
