---
source: src/ui.rs
assertion_line: 2861
expression: "render(&app, 120, 40)"
---
┌ Backlog (1) ───────────────┐┌ Planning (0) ──────────────┐┌ Implementing (2) ──────────┐┌ Review (0) ────────────────┐
│First item                  ││                            ││  Active work               ││                            │
│                            ││  No items                  ││> Second active             ││  No items                  │
│                            ││                            ││                            ││                            │
│                            ││                            ││                            ││                            │
│                            ││                            ││                            ││                            │
│                            ││                            ││                            ││                            │
│                            ││                            ││                            ││                            │
│                            ││                            ││                            ││                            │
│                            ││                            ││                            ││                            │
│                            ││                            ││                            ││                            │
│                            ││                            ││                            ││                            │
│                            ││                            ││                            ││                            │
│                            ││                            ││                            ││                            │
│                            ││                            ││                            ││                            │
│                            ││                            ││                            ││                            │
│                            ││                            ││                            ││                            │
│                            ││                            ││                            ││                            │
│                            ││                            ││                            ││                            │
│                            ││                            ││                            ││                            │
│                            ││                            ││                            ││                            │
│                            ││                            ││                            ││                            │
│                            ││                            ││                            ││                            │
│                            ││                            ││                            ││                            │
│                            ││                            ││                            ││                            │
│                            ││                            ││                            ││                            │
│                            ││                            ││                            ││                            │
│                            ││                            ││                            ││                            │
│                            ││                            ││                            ││                            │
│                            ││                            ││                            ││                            │
│                            ││                            ││                            ││                            │
│                            ││                            ││                            ││                            │
│                            ││                            ││                            ││                            │
│                            ││                            ││                            ││                            │
│                            ││                            ││                            ││                            │
│                            ││                            ││                            ││                            │
│                            ││                            ││                            ││                            │
│                            ││                            ││                            ││                            │
└────────────────────────────┘└────────────────────────────┘└────────────────────────────┘└────────────────────────────┘
Active work | [Implementing] | /repo/im1/0
