---
source: src/ui.rs
expression: "render(&app, 80, 24)"
---
 Tab: switch view | <-/->: columns | Shift+arrow: move item | Enter: drill down
┌ Backlog (0) ─────┐┌ Planning (0) ────┐┌ Implementing (0) ┐┌ Review (0) ──────┐
│                  ││                  ││                  ││                  │
│  No items        ││  No items        ││  No items        ││  No items        │
│                  ││                  ││                  ││                  │
│                  ││                  ││                  ││                  │
│                  ││                  ││                  ││                  │
│                  ││                  ││                  ││                  │
│                  ││                  ││                  ││                  │
│                  ││                  ││                  ││                  │
│                  ││                  ││                  ││                  │
│                  ││                  ││                  ││                  │
│                  ││                  ││                  ││                  │
│                  ││                  ││                  ││                  │
│                  ││                  ││                  ││                  │
│                  ││                  ││                  ││                  │
│                  ││                  ││                  ││                  │
│                  ││                  ││                  ││                  │
│                  ││                  ││                  ││                  │
│                  ││                  ││                  ││                  │
│                  ││                  ││                  ││                  │
│                  ││                  ││                  ││                  │
│                  ││                  ││                  ││                  │
└──────────────────┘└──────────────────┘└──────────────────┘└──────────────────┘
