---
source: src/ui.rs
expression: "render(&app, 80, 24)"
---
┌ Work Items ──────┐┌ Claude Code ─────────────────────────────────────────────┐
│  TODO (1)        ││                                                          │
│>   Add authentic.││  Press Enter to start                                    │
│  IN PROGRESS (0) ││  a session for this                                      │
│    No work items ││  work item.                                              │
│                  ││                                                          │
│                  ││                                                          │
│                  ││                                                          │
│                  ││                                                          │
│                  ││                                                          │
│                  ││                                                          │
│                  ││                                                          │
│                  ││                                                          │
│                  ││                                                          │
│                  ││                                                          │
│                  ││                                                          │
│                  ││                                                          │
│                  ││                                                          │
│                  ││                                                          │
│                  ││                                                          │
│                  ││                                                          │
│                  ││                                                          │
└──────────────────┘└──────────────────────────────────────────────────────────┘
Add authentication | /repo/ctx-2/0
