---
source: src/ui.rs
assertion_line: 2383
expression: "render(&app, 80, 24)"
---
┌ Backlog (1) ─────┐┌ Planning (0) ────┐┌ Implementing (0) ┐┌ Review (0) ──────┐
│> Test item       ││                  ││                  ││                  │
│                  ││  No items        ││  No items        ││  No items        │
│                  ││                  ││                  ││                  │
│                  ││                  ││                  ││                  │
│                  ││                  ││                  ││                  │
│                  ││                  ││                  ││                  │
│                  ││                  ││                  ││                  │
│                  ││                  ││                  ││                  │
│                  ││                  ││                  ││                  │
│                  ││                  ││                  ││                  │
│                  ││                  ││                  ││                  │
│                  ││                  ││                  ││                  │
│                  ││                  ││                  ││                  │
│                  ││                  ││                  ││                  │
│                  ││                  ││                  ││                  │
│                  ││                  ││                  ││                  │
│                  ││                  ││                  ││                  │
│                  ││                  ││                  ││                  │
│                  ││                  ││                  ││                  │
│                  ││                  ││                  ││                  │
└──────────────────┘└──────────────────┘└──────────────────┘└──────────────────┘
Test item | [Backlog] | /repo/bl1/0
Item moved to Planning
