---
source: src/ui.rs
expression: "render(&app, 80, 24)"
---
┌ Work Items (4) ───────┐┌ Claude Code ────────────────────────────────────────┐
│  ACTIVE (2)           ││                                                     │
│> [IM] Ref.. PR#88 fail││  Refactor backend API                               │
│       branch-prog-1 ( ││                                                     │
│      0) [no wt]       ││  Status      Implementing                           │
│  [IM] Upda.. PR#12 ...││  Backend     Local file                             │
│       branch-prog-2 ( ││  Repo        /repo/prog-1/0                         │
│      0) [no wt]       ││  Branch      branch-prog-1                          │
│  BACKLOGGED (2)       ││  Worktree    (none)                                 │
│  [BL] Fix a.. PR#14 ok││  PR          #88 - PR #88                           │
│       branch-todo-1 ( ││  Issue       (none)                                 │
│      0) [no wt]       ││  Errors      (none)                                 │
│  [BL] Add user setti..││                                                     │
│       branch-todo-2 ( ││  Press Enter to start a session.                    │
│      0) [no wt]       ││                                                     │
│                       ││                                                     │
│                       ││                                                     │
│                       ││                                                     │
│                       ││                                                     │
│                       ││                                                     │
│                       ││                                                     │
│                       ││                                                     │
└───────────────────────┘└─────────────────────────────────────────────────────┘
Refactor backend API | [Implementing] | /repo/prog-1/0
