---
source: src/ui.rs
expression: "render(&mut app, 80, 24)"
---
  List    Board    Dashboard                                   Tab: switch view
┌ Work Items (1) ───────┐┌ Claude Code ────────────────────────────────────────┐
│  ACTIVE (0) (1)       ││                                                     │
│> [IM] Multi-task      ││  Multi-task                                         │
│  branch-act-2 [no wt] ││                                                     │
│                       ││  Status      Implementing                           │
│                       ││  Backend     Local file                             │
│                       ││  Repo        /repo/act-2/0                          │
│                       ││  Branch      branch-act-2                           │
│                       ││  Worktree    (none)                                 │
│                       ││  PR          (none)                                 │
│                       ││  Issue       (none)                                 │
│                       ││  Errors      (none)                                 │
│                       ││                                                     │
│                       ││  Press c (Claude) or x (Codex) to start a session.  │
│                       ││                                                     │
│                       ││                                                     │
│                       ││                                                     │
│                       ││                                                     │
│                       ││                                                     │
│                       ││                                                     │
└───────────────────────┘└─────────────────────────────────────────────────────┘
Multi-task | [Implementing] | 0
 ⠋ Creating pull request... (+1)
