---
source: src/ui.rs
expression: "render(&app, 80, 24)"
---
┌ Work Items (0) ───────┐┌ Claude Code ────────────────────────────────────────┐
│                       ││                                                     │
│  No work items.       ││  Welcome to workbridge                              │
│               ┌ Create Work Item ────────────────────────────┐               │
│  Press Ctrl+N │                                              │               │
│  to create one│ Title:                                       │               │
│               │  My feature                                  │               │
│               │                                              │               │
│               │ Repos:                                       │               │
│               │    [ ] /repo/alpha                           │               │
│               │ >  [x] /repo/beta                            │               │
│               │    [ ] /repo/gamma                           │               │
│               │                                              │               │
│               │ Branch (optional):                           │               │
│               │  (empty)                                     │               │
│               │                                              │               │
│               │                                              │               │
│               │ Enter: Create | Esc: Cancel | Tab: Next fiel │               │
│               │                                              │               │
│               └──────────────────────────────────────────────┘               │
│                       ││                                                     │
│                       ││                                                     │
│                       ││                                                     │
└───────────────────────┘└─────────────────────────────────────────────────────┘
