---
source: src/ui.rs
expression: "render(&app, 80, 24)"
---
┌ Work Items ──────┐┌ Claude Code ─────────────────────────────────────────────┐
│  TODO (1)        ││                                                          │
│>   Fix resize bug││  Press Enter to start                                    │
│  IN PROGRESS (0) ││  a session for this                                      │
│    No work items ││  work item.                                              │
│                  ││                                                          │
│                  ││                                                          │
│                  ││                                                          │
│                  ││                                                          │
│                  ││                                                          │
│                  ││                                                          │
│                  ││                                                          │
│                  ││                                                          │
│                  ││                                                          │
│                  ││                                                          │
│                  ││                                                          │
│                  ││                                                          │
│                  ││                                                          │
│                  ││                                                          │
│                  ││                                                          │
│                  ││                                                          │
│                  ││                                                          │
└──────────────────┘└──────────────────────────────────────────────────────────┘
Fix resize bug | /repo/ctx-1/0 | bug, P1
