---
source: src/ui.rs
expression: "render(&mut app, 80, 12)"
---
  List    Board    Dashboard                                   Tab: switch view
┌ Work Items (7) ───────┐┌ Session ────────────────────────────────────────────┐
│  ACTIVE (0) (5)       ││                                                     │
│  [IM] Item A5         ││  Item B2                                            │
│  branch-a5 [no wt]    ││                                                     │
│  BACKLOGGED (0) (2)   ││  Status      Backlog                                │
│  [BL] Item B1         ││  Backend     Local file                             │
│  branch-b1 [no wt]    █│  Repo        /repo/b2/0                             │
│> [BL] Item B2         █│  Branch      branch-b2                              │
│  branch-b2 [no wt]    █│  Worktree    (none)                                 │
└───────────────────────┘└─────────────────────────────────────────────────────┘
Item B2 | [Backlog] | 0
