---
source: src/ui.rs
expression: "render(&app, 80, 24)"
---
┌ Tabs ────────────┐┌ Claude Code ─────────────────────────────────────────────┐
│>  Tab 0          ││█                                                         │
│                  ││                                                          │
│                  ││                                                          │
│                  ││                                                          │
│                  ││                                                          │
│                  ││                                                          │
│                  ││                                                          │
│                  ││                                                          │
│                  ││                                                          │
│                  ││                                                          │
│                  ││                                                          │
│                  ││                                                          │
│                  ││                                                          │
│                  ││                                                          │
│                  ││                                                          │
│                  ││                                                          │
│                  ││                                                          │
│                  ││                                                          │
│                  ││                                                          │
│                  ││                                                          │
│                  ││                                                          │
└──────────────────┘└──────────────────────────────────────────────────────────┘
Fix resize bug | ~/Projects/myapp | bug, P1
