---
source: src/ui.rs
expression: "render(&app, 80, 24)"
---
┌ Work Items (3) ───────┐┌ Claude Code ────────────────────────────────────────┐
│>   [BL] First item    ││                                                     │
│    [BL] branch-a (0)  ││  First item                                         │
│      [no wt]          ││                                                     │
│    [IM] Second item   ││  Status      Backlog                                │
│    [IM] branch-b (0)  ││  Backend     Local file                             │
│      [no wt]          ││  Repo        /repo/a/0                              │
│    [BL] Third item    ││  Branch      branch-a                               │
│    [BL] branch-c (0)  ││  Worktree    (none)                                 │
│      [no wt]          ││  PR          (none)                                 │
│                       ││  Issue       (none)                                 │
│                       ││  Errors      (none)                                 │
│                       ││                                                     │
│                       ││  Press Enter to start a session.                    │
│                       ││                                                     │
│                       ││                                                     │
│                       ││                                                     │
│                       ││                                                     │
│                       ││                                                     │
│                       ││                                                     │
│                       ││                                                     │
│                       ││                                                     │
└───────────────────────┘└─────────────────────────────────────────────────────┘
First item | [Backlog] | /repo/a/0
