---
source: src/ui.rs
expression: "render(&app, 80, 24)"
---
┌ Work Items ────────────────┐┌ Claude Code ───────────────────────────────────┐
│  TODO (1)                  ││                                                │
│>   Fix authenticat.. PR#14 ││  Fix authentication bug                        │
│    branch-todo-1 (0) [no wt││                                                │
│  IN PROGRESS (0)           ││  Status      Todo                              │
│    No work items           ││  Backend     Local file                        │
│                            ││  Repo        /repo/todo-1/0                    │
│                            ││  Branch      branch-todo-1                     │
│                            ││  Worktree    (none)                            │
│                            ││  PR          #14 - PR #14                      │
│                            ││  Issue       (none)                            │
│                            ││  Errors      (none)                            │
│                            ││                                                │
│                            ││  Press Enter to start a session.               │
│                            ││                                                │
│                            ││                                                │
│                            ││                                                │
│                            ││                                                │
│                            ││                                                │
│                            ││                                                │
│                            ││                                                │
│                            ││                                                │
└────────────────────────────┘└────────────────────────────────────────────────┘
Fix authentication bug | /repo/todo-1/0
