---
source: src/ui.rs
expression: "render(&app, 80, 12)"
---
  List    Board                                                Tab: switch view
┌ Work Items (8) ───────┐┌ Claude Code ────────────────────────────────────────┐
│  BACKLOGGED (0) (5)   ││                                                     │
│  branch-b2 [no wt]    ││  Backlog 5                                          │
│  [BL] Backlog 3       ││                                                     │
│  branch-b3 [no wt]    █│  Status      Backlog                                │
│  [BL] Backlog 4       █│  Backend     Local file                             │
│  branch-b4 [no wt]    █│  Repo        /repo/b5/0                             │
│> [BL] Backlog 5       ││  Branch      branch-b5                              │
│  branch-b5 [no wt]    ││  Worktree    (none)                                 │
└───────────────────────┘└─────────────────────────────────────────────────────┘
Backlog 5 | [Backlog] | /repo/b5/0
