---
source: src/ui.rs
expression: "render(&app, 80, 24)"
---
┌ Work Items (0) ───────┐┌ Claude Code ────────────────────────────────────────┐
│                       ││                                                     │
│  No work items.       ││  Welcome to workbridge                              │
│                       ││                                                     │
│  Press Ctrl+N ┌ Create Work Item ────────────────────────────┐               │
│  to create one│                                              │               │
│               │ Title:                                       │               │
│               │                                              │               │
│               │                                              │               │
│               │ Repos:                                       │               │
│               │  [x] /Volumes/X10/Projects/workbridge        │               │
│               │  [ ] /Volumes/X10/Projects/other-repo        │               │
│               │                                              │               │
│               │ Branch (optional):                           │               │
│               │  (empty)                                     │               │
│               │                                              │               │
│               │                                              │               │
│               │ Enter: Create | Esc: Cancel | Tab: Next fiel │               │
│               │                                              │               │
│               └──────────────────────────────────────────────┘               │
│                       ││                                                     │
│                       ││                                                     │
│                       ││                                                     │
└───────────────────────┘└─────────────────────────────────────────────────────┘
