---
source: src/ui.rs
expression: "render(&app, 80, 24)"
---
 Tab: switch view | <-/->: columns | Shift+arrow: move item | Enter: drill down
┌ Backlog (1) ─────┐┌ Planning (0) ────┐┌ Implementing (0) ┐┌ Review (0) ──────┐
│> Test item       ││                  ││                  ││                  │
│                  ││  No items        ││  No items        ││  No items        │
│                  ││                  ││                  ││                  │
│                  ││                  ││                  ││                  │
│                  ││                  ││                  ││                  │
│                  ││                  ││                  ││                  │
│                  ││                  ││                  ││                  │
│                  ││                  ││                  ││                  │
│                  ││                  ││                  ││                  │
│                  ││                  ││                  ││                  │
│                  ││                  ││                  ││                  │
│                  ││                  ││                  ││                  │
│                  ││                  ││                  ││                  │
│                  ││                  ││                  ││                  │
│                  ││                  ││                  ││                  │
│                  ││                  ││                  ││                  │
│                  ││                  ││                  ││                  │
│                  ││                  ││                  ││                  │
│                  ││                  ││                  ││                  │
└──────────────────┘└──────────────────┘└──────────────────┘└──────────────────┘
Test item | [Backlog] | /repo/bl1/0
Item moved to Planning
