---
source: src/ui.rs
expression: "render(&app, 80, 24)"
---
  List    Board    Dashboard                                   Tab: switch view
┌ Work Items (0) ───────┐┌ Claude Code ────────────────────────────────────────┐
│                       ││                                                     │
│  No work items.       ││  Welcome to workbridge                              │
│                       ││                                                     │
│  Ctrl+N: quick start  ││  Ctrl+N    - Quick start session                    │
│  Ctrl+B: backlog ticke││  Ctrl+B    - New backlog ticket                     │
│                   ╭ No Plan Available ───────────────────╮                   │
│                   │                                      │t                  │
│                   │ No implementation plan found.        │                   │
│                   │                                      │                   │
│                   │ [p]  Plan from branch                │                   │
│                   │ [Esc]  Stay blocked                  │                   │
│                   │                                      │                   │
│                   │                                      │                   │
│                   ╰──────────────────────────────────────╯                   │
│                       ││                                                     │
│                       ││                                                     │
│                       ││                                                     │
│                       ││                                                     │
│                       ││                                                     │
│                       ││                                                     │
│                       ││                                                     │
└───────────────────────┘└─────────────────────────────────────────────────────┘
