---
source: src/ui.rs
expression: output
---
  List    Board                                                Tab: switch view
┌ Work Items (0) ───────┐┌ Claude Code ────────────────────────────────────────┐
│           ┌ Settings (press ? or Esc to close) ──────────────────┐           │
│  No work i│                                                      │           │
│           │ Config source:                                       │           │
│  Press Ctr│   in-memory (test)                                   │           │
│  to create│ Base directories:                                    │           │
│           │   + /tmp/workbridge-test-settings-overlay            │           │
│           │                                                      │           │
│           │ ┌ Managed repos (1) ─────┐┌ Available (2) ─────────┐ │           │
│           │ │>  - /Users/janis.kirste││ + /var/folders/rv/dqk6j│ │           │
│           │ │                        ││ + /var/folders/rv/dqk6j│ │           │
│           │ └────────────────────────┘└────────────────────────┘ │           │
│           │                                                      │           │
│           │ Defaults:                                            │           │
│           │   worktree_dir: .worktrees                           │           │
│           │   branch_issue_pattern: ^(\d+)-                      │           │
│           │ Tab: switch list, Enter: move, Up/Down: navigate     │           │
│           │                                                      │           │
│           │                                                      │           │
│           └──────────────────────────────────────────────────────┘           │
│                       ││                                                     │
│                       ││                                                     │
└───────────────────────┘└─────────────────────────────────────────────────────┘
