---
source: src/ui.rs
expression: "render(&app, 80, 24)"
---
┌ Work Items (1) ───────┐┌ Claude Code [INPUT] ────────────────────────────────┐
│  BACKLOGGED (0) (1)   ││                                                     │
│> [BL] Fix             ││  Fix authentication bug                             │
│  authentication bug   ││                                                     │
│  branch-todo-1 [no wt]││  Status      Backlog                                │
│                       ││  Backend     Local file                             │
│                       ││  Repo        /repo/todo-1/0                         │
│                       ││  Branch      branch-todo-1                          │
│                       ││  Worktree    (none)                                 │
│                       ││  PR          (none)                                 │
│                       ││  Issue       (none)                                 │
│                       ││  Errors      (none)                                 │
│                       ││                                                     │
│                       ││  Press Enter to start a session.                    │
│                       ││                                                     │
│                       ││                                                     │
│                       ││                                                     │
│                       ││                                                     │
│                       ││                                                     │
│                       ││                                                     │
│                       ││                                                     │
│                       ││                                                     │
└───────────────────────┘└─────────────────────────────────────────────────────┘
Fix authentication bug | [Backlog] | /repo/todo-1/0
