---
source: src/ui.rs
expression: "render(&app, 80, 24)"
---
┌ Work Items ───────────┐┌ Claude Code ────────────────────────────────────────┐
│>   [IM] Broken work ..││                                                     │
│    [IM] 42-fix-bug (  ││  Errors:                                            │
│      alpha) [no wt]   ││                                                     │
│                       ││  - 2 open PRs for branch '42-fix-bug' in /repo/alpha│
│                       ││    Close duplicate PRs to resolve.                  │
│                       ││                                                     │
│                       ││  - Issue #42 not found in /repo/alpha               │
│                       ││    The issue may have been deleted or the number is │
│                       ││                                                     │
│                       ││  Press Enter to start a session.                    │
│                       ││                                                     │
│                       ││                                                     │
│                       ││                                                     │
│                       ││                                                     │
│                       ││                                                     │
│                       ││                                                     │
│                       ││                                                     │
│                       ││                                                     │
│                       ││                                                     │
│                       ││                                                     │
│                       ││                                                     │
└───────────────────────┘└─────────────────────────────────────────────────────┘
Broken work item | /repo/alpha
