---
source: src/ui.rs
assertion_line: 4218
expression: "render(&app, 80, 24)"
---
  List    Board    Dashboard                                   Tab: switch view
┌ Work Items (0) ───────┐┌ Claude Code ────────────────────────────────────────┐
│                       ││                                                     │
│  No work items.       ││  Welcome to workbridge                              │
│                       ││                                                     │
│  Ctrl+N: quick start  ││  Ctrl+N    - Quick start session                    │
│  Ctrl+B: backlog ticke││  Ctrl+B    - New backlog ticket                     │
│                       ││  Up/Down   - Navigate items                         │
│                       ││  Enter     - Open session / Import                  │
│                       ││  o         - Open PR in browser                     │
│                       ││  Ctrl+]    - Return to item list                    │
│                       ││  Ctrl+G    - Global assistant                       │
│                       ││  Ctrl+D    - Delete work item                       │
│                       ││  ?         - Settings                               │
│                       ││  Q/Ctrl+Q  - Quit                                   │
│                       ││                                                     │
│                       ││                                                     │
│                       ││                                                     │
│                       ││                                                     │
│                       ││                                                     │
│                       ││                                                     │
│                       ││                                                     │
└───────────────────────┘└─────────────────────────────────────────────────────┘
Press Ctrl+N to create a work item
