---
source: src/ui.rs
expression: "render(&mut app, 80, 24)"
---
  List    Board    Dashboard                                   Tab: switch view
┌ Work Items (3) ───────┐┌ Claude Code ────────────────────────────────────────┐
│  ACTIVE (0) (1)       ││                                                     │
│> [IM] Refac PR#88 fail││  Refactor backend API                               │
│  tor backend API      ││                                                     │
│  branch-prog-1 [no wt]││  Status      Implementing                           │
│  BACKLOGGED (0) (1)   ││  Backend     Local file                             │
│  [BL] Fix     PR#14 ok││  Repo        /repo/prog-1/0                         │
│  authentication bug   ││  Branch      branch-prog-1                          │
│  branch-todo-1 [no wt]││  Worktree    (none)                                 │
│  DONE (0) (1)         ││  PR          #88 - PR #88                           │
│  Update       PR#50 ok││  Issue       (none)                                 │
│  dependencies         ││  Errors      (none)                                 │
│  branch-done-1 [no wt]││                                                     │
│                       ││  PR URL                                             │
│                       ││  https://github.com/o/r/pull/88                     │
│                       ││                                                     │
│                       ││  Press c (Claude) or x (Codex) to start a session.  │
│                       ││                                                     │
│                       ││                                                     │
│                       ││                                                     │
│                       ││                                                     │
└───────────────────────┘└─────────────────────────────────────────────────────┘
Refactor backend API | [Implementing] | 0
