---
source: src/ui.rs
expression: "render(&app, 80, 24)"
---
  List    Board                                                Tab: switch view
┌ Work Items (0) ───────┐┌ Claude Code ────────────────────────────────────────┐
│                       ││                                                     │
│  No work items.       ││  Welcome to workbridge                              │
│                       ││                                                     │
│  Ctrl+N: quick start  ││  Ctrl+N    - Quick start session                    │
│  Ctrl+B: backlog ticke││  Ctrl+B    - New backlog ticket                     │
│                   ╭ Close Unlinked PR ───────────────────╮                   │
│                   │                                      │t                  │
│                   │ Close PR #42 and delete branch?      │                   │
│                   │                                      │                   │
│                   │ [Enter]  Close with reason           │                   │
│                   │ [d]  Close directly                  │                   │
│                   │ [Esc]  Cancel                        │                   │
│                   │                                      │                   │
│                   │                                      │                   │
│                   ╰──────────────────────────────────────╯                   │
│                       ││                                                     │
│                       ││                                                     │
│                       ││                                                     │
│                       ││                                                     │
│                       ││                                                     │
│                       ││                                                     │
└───────────────────────┘└─────────────────────────────────────────────────────┘
