---
source: src/ui.rs
assertion_line: 3532
expression: "render(&app, 80, 24)"
---
  List    Board                                                Tab: switch view
┌ Work Items (0) ───────┐┌ Claude Code ────────────────────────────────────────┐
│                       ││                                                     │
│  No work items.       ││  Welcome to workbridge                              │
│                       ││                                                     │
│  Press Ctrl+N         ││  Ctrl+N    - Create work item                       │
│  to create one.       ││  Up/Down   - Navigate items                         │
│                   ╭ No Plan Available ───────────────────╮t                  │
│                   │                                      │                   │
│                   │ No implementation plan found.        │                   │
│                   │                                      │                   │
│                   │ [p]  Plan from branch                │                   │
│                   │ [Esc]  Stay blocked                  │                   │
│                   │                                      │                   │
│                   │                                      │                   │
│                   ╰──────────────────────────────────────╯                   │
│                       ││                                                     │
│                       ││                                                     │
│                       ││                                                     │
│                       ││                                                     │
│                       ││                                                     │
│                       ││                                                     │
│                       ││                                                     │
└───────────────────────┘└─────────────────────────────────────────────────────┘
