---
source: src/ui.rs
expression: "render(&app, 80, 24)"
---
┌ Work Items ───────────┐┌ Claude Code ────────────────────────────────────────┐
│  TODO (2)             ││                                                     │
│>   Fix auth.. PR#14 ok││  Fix authentication bug                             │
│    branch-todo-1 (0)  ││                                                     │
│      [no wt]          ││  Status      Todo                                   │
│    Add user settings..││  Backend     Local file                             │
│    branch-todo-2 (0)  ││  Repo        /repo/todo-1/0                         │
│      [no wt]          ││  Branch      branch-todo-1                          │
│  IN PROGRESS (2)      ││  Worktree    (none)                                 │
│    Refact.. PR#88 fail││  PR          #14 - PR #14                           │
│    branch-prog-1 (0)  ││  Issue       (none)                                 │
│      [no wt]          ││  Errors      (none)                                 │
│    Update .. PR#12 ...││                                                     │
│    branch-prog-2 (0)  ││  Press Enter to start a session.                    │
│      [no wt]          ││                                                     │
│                       ││                                                     │
│                       ││                                                     │
│                       ││                                                     │
│                       ││                                                     │
│                       ││                                                     │
│                       ││                                                     │
│                       ││                                                     │
└───────────────────────┘└─────────────────────────────────────────────────────┘
Fix authentication bug | /repo/todo-1/0
