---
source: src/ui.rs
expression: "render(&app, 80, 24)"
---
┌ Work Items (1) ───────┐┌ Claude Code ────────────────────────────────────────┐
│  BACKLOGGED (1)       ││                                                     │
│> [BL] Add authentica..││  Add authentication                                 │
│  Branch: branch-ctx-2 ││                                                     │
│  Repo: 0 [no wt]      ││  Status      Backlog                                │
│                       ││  Backend     Local file                             │
│                       ││  Repo        /repo/ctx-2/0                          │
│                       ││  Branch      branch-ctx-2                           │
│                       ││  Worktree    (none)                                 │
│                       ││  PR          (none)                                 │
│                       ││  Issue       (none)                                 │
│                       ││  Errors      (none)                                 │
│                       ││                                                     │
│                       ││  Press Enter to start a session.                    │
│                       ││                                                     │
│                       ││                                                     │
│                       ││                                                     │
│                       ││                                                     │
│                       ││                                                     │
│                       ││                                                     │
│                       ││                                                     │
│                       ││                                                     │
└───────────────────────┘└─────────────────────────────────────────────────────┘
Add authentication | [Backlog] | /repo/ctx-2/0
