---
source: src/ui.rs
expression: "render(&mut app, 80, 24)"
---
  List    Board ┌ Create Work Item ────────────────────────────┐ab: switch view
┌ Work Items (0)│                                              │───────────────┐
│               │ Title:                                       │               │
│  No work items│                                              │               │
│               │                                              │               │
│  Ctrl+N: quick│ Description (optional):                      │               │
│  Ctrl+B: backl│                                              │               │
│               │                                              │               │
│               │                                              │               │
│               │                                              │               │
│               │                                              │               │
│               │                                              │               │
│               │                                              │               │
│               │ Repos:                                       │               │
│               │  [x] /repo/only                              │               │
│               │                                              │               │
│               │ Branch (optional):                           │               │
│               │                                              │               │
│               │                                              │               │
│               │ Title cannot be empty                        │               │
│               │ Enter: Create | Esc: Cancel | Tab: Next fiel │               │
│               │                                              │               │
│               └──────────────────────────────────────────────┘               │
└───────────────────────┘└─────────────────────────────────────────────────────┘
